../Core/Src/main.c:77:5:main	8	static
../Core/Src/main.c:127:6:SystemClock_Config	96	static
../Core/Src/main.c:175:13:MX_RTC_Init	16	static
../Core/Src/main.c:233:13:MX_UART4_Init	8	static
../Core/Src/main.c:266:13:MX_UART5_Init	8	static
../Core/Src/main.c:299:13:MX_USART1_UART_Init	8	static
../Core/Src/main.c:332:13:MX_USART2_UART_Init	8	static
../Core/Src/main.c:365:13:MX_USART3_UART_Init	8	static
../Core/Src/main.c:398:13:MX_GPIO_Init	48	static
../Core/Src/main.c:443:6:Error_Handler	4	static,ignoring_inline_asm
