2024-11-09 12:32:41,048 [INFO] Activator:176 - 


2024-11-09 12:32:41,050 [INFO] Activator:177 - !SESSION log4j initialized
2024-11-09 12:32:44,260 [INFO] LogOutputStream:77 - [STDOUT_REDIRECT] 
2024-11-09 12:32:46,695 [INFO] ApplicationProperties:184 - Using Application install path: C:\ST\STM32CubeIDE_1.16.1\STM32CubeIDE\plugins\com.st.stm32cube.common.mx_6.12.1.202409122256
2024-11-09 12:32:46,716 [INFO] DbMcusXml:78 - Set database path to: C:\ST\STM32CubeIDE_1.16.1\STM32CubeIDE\plugins\com.st.stm32cube.common.mx_6.12.1.202409122256\\db\/mcu/
2024-11-09 12:32:46,717 [INFO] ApiDb:274 - Set plugin database path to: C:\ST\STM32CubeIDE_1.16.1\STM32CubeIDE\plugins\com.st.stm32cube.common.mx_6.12.1.202409122256\\db\/plugins/boardmanager/
2024-11-09 12:32:46,717 [WARN] ApiDb:259 - Overriding images path with different value:  => C:\ST\STM32CubeIDE_1.16.1\STM32CubeIDE\plugins\com.st.stm32cube.common.mx_6.12.1.202409122256\\db\/plugins/mcufinder/images/
2024-11-09 12:32:46,724 [INFO] ApiDb:250 - Set database path to: C:\Users\Admin\.stmcufinder\plugins\mcufinder//mcu/
2024-11-09 12:32:46,725 [INFO] DbMcusAds:125 - Set database path to: C:\Users\Admin\.stmcufinder\plugins\mcufinder//mcu/
2024-11-09 12:32:46,727 [INFO] CrossReferenceDbSqlite:203 - Set database path to: C:\Users\Admin\.stmcufinder\plugins\mcufinder//mcu/cs/
2024-11-09 12:32:46,843 [INFO] RulesReader:64 - Compatibility file has been processed (297 Rules)
2024-11-09 12:32:46,926 [INFO] DbMcusXml:78 - Set database path to: C:\ST\STM32CubeIDE_1.16.1\STM32CubeIDE\plugins\com.st.stm32cube.common.mx_6.12.1.202409122256\\db\/mcu/
2024-11-09 12:32:46,926 [INFO] ApiDb:274 - Set plugin database path to: C:\ST\STM32CubeIDE_1.16.1\STM32CubeIDE\plugins\com.st.stm32cube.common.mx_6.12.1.202409122256\\db\/plugins/boardmanager/
2024-11-09 12:32:46,926 [INFO] ApiDb:261 - Set plugin images path to: C:\ST\STM32CubeIDE_1.16.1\STM32CubeIDE\plugins\com.st.stm32cube.common.mx_6.12.1.202409122256\\db\/plugins/mcufinder/images/
2024-11-09 12:32:46,926 [WARN] DbFile:41 - Overriding database path with different value: C:\Users\Admin\.stmcufinder\plugins\mcufinder/ => C:\Users\Admin\.stmcufinder\plugins\mcufinder
2024-11-09 12:32:46,926 [INFO] ApiDb:250 - Set database path to: C:\Users\Admin\.stmcufinder\plugins\mcufinder//mcu/
2024-11-09 12:32:46,926 [WARN] DbFile:41 - Overriding database path with different value: C:\Users\Admin\.stmcufinder\plugins\mcufinder/ => C:\Users\Admin\.stmcufinder\plugins\mcufinder
2024-11-09 12:32:46,926 [INFO] DbMcusAds:125 - Set database path to: C:\Users\Admin\.stmcufinder\plugins\mcufinder//mcu/
2024-11-09 12:32:46,926 [WARN] DbFile:41 - Overriding database path with different value: C:\Users\Admin\.stmcufinder\plugins\mcufinder/ => C:\Users\Admin\.stmcufinder\plugins\mcufinder
2024-11-09 12:32:46,926 [WARN] DbFile:41 - Overriding database path with different value: C:\Users\Admin\.stmcufinder\plugins\mcufinder/ => C:\Users\Admin\.stmcufinder\plugins\mcufinder
2024-11-09 12:32:46,926 [INFO] CrossReferenceDbSqlite:203 - Set database path to: C:\Users\Admin\.stmcufinder\plugins\mcufinder//mcu/cs/
2024-11-09 12:32:47,005 [INFO] MainPanel:268 - HeapMemory: 268435456
2024-11-09 12:32:47,120 [INFO] DbMcusXml:78 - Set database path to: C:\ST\STM32CubeIDE_1.16.1\STM32CubeIDE\plugins\com.st.stm32cube.common.mx_6.12.1.202409122256\\db\/mcu/
2024-11-09 12:32:47,120 [INFO] ApiDb:274 - Set plugin database path to: C:\ST\STM32CubeIDE_1.16.1\STM32CubeIDE\plugins\com.st.stm32cube.common.mx_6.12.1.202409122256\\db\/plugins/boardmanager/
2024-11-09 12:32:47,121 [INFO] ApiDb:261 - Set plugin images path to: C:\ST\STM32CubeIDE_1.16.1\STM32CubeIDE\plugins\com.st.stm32cube.common.mx_6.12.1.202409122256\\db\/plugins/mcufinder/images/
2024-11-09 12:32:47,121 [WARN] DbFile:41 - Overriding database path with different value: C:\Users\Admin\.stmcufinder\plugins\mcufinder/ => C:\Users\Admin\.stmcufinder\plugins\mcufinder
2024-11-09 12:32:47,121 [INFO] ApiDb:250 - Set database path to: C:\Users\Admin\.stmcufinder\plugins\mcufinder//mcu/
2024-11-09 12:32:47,121 [WARN] DbFile:41 - Overriding database path with different value: C:\Users\Admin\.stmcufinder\plugins\mcufinder/ => C:\Users\Admin\.stmcufinder\plugins\mcufinder
2024-11-09 12:32:47,121 [INFO] DbMcusAds:125 - Set database path to: C:\Users\Admin\.stmcufinder\plugins\mcufinder//mcu/
2024-11-09 12:32:47,121 [WARN] DbFile:41 - Overriding database path with different value: C:\Users\Admin\.stmcufinder\plugins\mcufinder/ => C:\Users\Admin\.stmcufinder\plugins\mcufinder
2024-11-09 12:32:47,121 [WARN] DbFile:41 - Overriding database path with different value: C:\Users\Admin\.stmcufinder\plugins\mcufinder/ => C:\Users\Admin\.stmcufinder\plugins\mcufinder
2024-11-09 12:32:47,121 [INFO] CrossReferenceDbSqlite:203 - Set database path to: C:\Users\Admin\.stmcufinder\plugins\mcufinder//mcu/cs/
2024-11-09 12:32:47,139 [INFO] ApplicationProperties:184 - Using Application install path: C:\ST\STM32CubeIDE_1.16.1\STM32CubeIDE\plugins\com.st.stm32cube.common.mx_6.12.1.202409122256
2024-11-09 12:32:47,141 [INFO] PluginManage:196 - Search for loadable plugins [exclusion list=, ]
2024-11-09 12:32:47,142 [INFO] PluginManage:310 - Check plugin analytics
2024-11-09 12:32:47,289 [INFO] AnalyticsPlugin:253 - Accepted Software Licenses: 
2024-11-09 12:32:47,289 [INFO] AnalyticsPlugin:255 - Accepted CMSIS Pack Licenses: 
2024-11-09 12:32:47,290 [INFO] AnalyticsPlugin:257 - Accepted Firmware Licenses: 
2024-11-09 12:32:47,292 [INFO] PluginManage:359 - Loaded plugin analytics (category:tool,tabindex:-1)
2024-11-09 12:32:47,292 [INFO] PluginManage:310 - Check plugin cadmodel
2024-11-09 12:32:47,309 [INFO] CADModel:105 - Init CAD model plugin
2024-11-09 12:32:47,309 [INFO] PluginManage:359 - Loaded plugin cadmodel (category:power,tabindex:5)
2024-11-09 12:32:47,309 [INFO] PluginManage:310 - Check plugin clock
2024-11-09 12:32:47,328 [INFO] PluginManage:359 - Loaded plugin clock (category:base,tabindex:2)
2024-11-09 12:32:47,328 [INFO] PluginManage:310 - Check plugin ddr
2024-11-09 12:32:47,331 [INFO] PluginManage:359 - Loaded plugin ddr (category:tool,tabindex:6)
2024-11-09 12:32:47,331 [INFO] PluginManage:310 - Check plugin filemanager
2024-11-09 12:32:47,596 [INFO] PluginManage:359 - Loaded plugin filemanager (category:base,tabindex:10)
2024-11-09 12:32:47,596 [INFO] PluginManage:310 - Check plugin ipmanager
2024-11-09 12:32:47,605 [INFO] PluginManage:359 - Loaded plugin ipmanager (category:base,tabindex:5)
2024-11-09 12:32:47,605 [INFO] PluginManage:310 - Check plugin lpbam
2024-11-09 12:32:47,643 [INFO] PluginManage:359 - Loaded plugin lpbam (category:base,tabindex:0)
2024-11-09 12:32:47,643 [INFO] PluginManage:310 - Check plugin memorymap
2024-11-09 12:32:47,672 [INFO] PluginManage:359 - Loaded plugin memorymap (category:base,tabindex:4)
2024-11-09 12:32:47,672 [INFO] PluginManage:310 - Check plugin pinoutandconfiguration
2024-11-09 12:32:47,693 [INFO] PluginManage:359 - Loaded plugin pinoutandconfiguration (category:base,tabindex:1)
2024-11-09 12:32:47,693 [INFO] PluginManage:310 - Check plugin pinoutconfig
2024-11-09 12:32:47,789 [WARN] SupportedApi:132 - Cannot load RTOS API schema: s4s-elt-must-match.1: The content of 'definitions' must match (annotation?, (simpleType | complexType)?, (unique | key | keyref)*)). A problem was found starting at: attribute.
2024-11-09 12:32:47,905 [INFO] PluginManage:359 - Loaded plugin pinoutconfig (category:base,tabindex:0)
2024-11-09 12:32:47,905 [INFO] PluginManage:310 - Check plugin power
2024-11-09 12:32:47,926 [INFO] PluginManage:359 - Loaded plugin power (category:power,tabindex:4)
2024-11-09 12:32:47,926 [INFO] PluginManage:310 - Check plugin projectmanager
2024-11-09 12:32:47,940 [INFO] PluginManage:359 - Loaded plugin projectmanager (category:projectmanager,tabindex:4)
2024-11-09 12:32:47,940 [INFO] PluginManage:310 - Check plugin rif
2024-11-09 12:32:47,953 [INFO] PluginManage:359 - Loaded plugin rif (category:base,tabindex:3)
2024-11-09 12:32:47,953 [INFO] PluginManage:310 - Check plugin thirdparty
2024-11-09 12:32:48,195 [INFO] PluginManage:359 - Loaded plugin thirdparty (category:base,tabindex:-1)
2024-11-09 12:32:48,195 [INFO] PluginManage:310 - Check plugin tools
2024-11-09 12:32:48,195 [WARN] IntegrityCheckThread:84 - waiting for thirdparty lock release [integrity check]
2024-11-09 12:32:48,195 [INFO] IntegrityCheckThread:86 - entering critical section [integrity check]
2024-11-09 12:32:48,195 [INFO] ThirdPartyUpdaterWithRetryManager:70 - Updater plugin not ready yet. [1/15]
2024-11-09 12:32:48,228 [INFO] PluginManage:359 - Loaded plugin tools (category:base,tabindex:7)
2024-11-09 12:32:48,228 [INFO] PluginManage:310 - Check plugin tutovideos
2024-11-09 12:32:48,407 [INFO] PluginManage:359 - Loaded plugin tutovideos (category:base,tabindex:-1)
2024-11-09 12:32:48,408 [INFO] PluginManage:310 - Check plugin updater
2024-11-09 12:32:48,422 [INFO] PluginManage:359 - Loaded plugin updater (category:base,tabindex:12)
2024-11-09 12:32:48,423 [INFO] PluginManage:310 - Check plugin userauth
2024-11-09 12:32:48,429 [INFO] UserAuth:113 - Init User Auth plugin
2024-11-09 12:32:48,429 [INFO] PluginManage:359 - Loaded plugin userauth (category:base,tabindex:14)
2024-11-09 12:32:48,429 [INFO] PluginManage:283 - PluginManage : Loaded plugins [18]
2024-11-09 12:32:48,613 [INFO] PinOutPanel:1561 - setPackage(No Configuration,No Configuration)
2024-11-09 12:32:48,694 [INFO] CADModel:165 - CPN selected for project level
2024-11-09 12:32:48,694 [INFO] CADModel:114 - Register for checkConnection events
2024-11-09 12:32:48,718 [INFO] IPUIPlugin:80 - create IPUIPlugin
2024-11-09 12:32:48,718 [INFO] PluginManager:220 - loadIPPluginJar : add adc
2024-11-09 12:32:48,749 [INFO] IPUIPlugin:80 - create IPUIPlugin
2024-11-09 12:32:48,749 [INFO] PluginManager:220 - loadIPPluginJar : add aes
2024-11-09 12:32:48,784 [INFO] IPUIPlugin:80 - create IPUIPlugin
2024-11-09 12:32:48,784 [INFO] PluginManager:220 - loadIPPluginJar : add can
2024-11-09 12:32:48,804 [INFO] IPUIPlugin:80 - create IPUIPlugin
2024-11-09 12:32:48,804 [INFO] PluginManager:220 - loadIPPluginJar : add comp
2024-11-09 12:32:48,832 [INFO] IPUIPlugin:80 - create IPUIPlugin
2024-11-09 12:32:48,832 [INFO] PluginManager:220 - loadIPPluginJar : add cryp
2024-11-09 12:32:48,843 [INFO] IPUIPlugin:80 - create IPUIPlugin
2024-11-09 12:32:48,843 [INFO] PluginManager:220 - loadIPPluginJar : add ddr_ctrl_phy
2024-11-09 12:32:48,873 [INFO] IPUIPlugin:80 - create IPUIPlugin
2024-11-09 12:32:48,873 [INFO] PluginManager:220 - loadIPPluginJar : add dfsdm
2024-11-09 12:32:48,885 [INFO] IPUIPlugin:80 - create IPUIPlugin
2024-11-09 12:32:48,885 [INFO] PluginManager:220 - loadIPPluginJar : add dma
2024-11-09 12:32:48,936 [INFO] IPUIPlugin:80 - create IPUIPlugin
2024-11-09 12:32:48,936 [INFO] PluginManager:220 - loadIPPluginJar : add dma3
2024-11-09 12:32:48,977 [INFO] IPUIPlugin:80 - create IPUIPlugin
2024-11-09 12:32:48,977 [INFO] PluginManager:220 - loadIPPluginJar : add extmemmanager
2024-11-09 12:32:48,996 [INFO] IPUIPlugin:80 - create IPUIPlugin
2024-11-09 12:32:48,996 [INFO] PluginManager:220 - loadIPPluginJar : add fatfs
2024-11-09 12:32:49,039 [INFO] IPUIPlugin:80 - create IPUIPlugin
2024-11-09 12:32:49,039 [INFO] PluginManager:220 - loadIPPluginJar : add fmc
2024-11-09 12:32:49,054 [INFO] IPUIPlugin:80 - create IPUIPlugin
2024-11-09 12:32:49,054 [INFO] PluginManager:220 - loadIPPluginJar : add freertos
2024-11-09 12:32:49,071 [INFO] IPUIPlugin:80 - create IPUIPlugin
2024-11-09 12:32:49,071 [INFO] PluginManager:220 - loadIPPluginJar : add genericplugin
2024-11-09 12:32:49,144 [INFO] IPUIPlugin:80 - create IPUIPlugin
2024-11-09 12:32:49,144 [INFO] PluginManager:220 - loadIPPluginJar : add gfxmmu
2024-11-09 12:32:49,245 [INFO] IPUIPlugin:80 - create IPUIPlugin
2024-11-09 12:32:49,245 [INFO] PluginManager:220 - loadIPPluginJar : add gic
2024-11-09 12:32:49,255 [INFO] IPUIPlugin:80 - create IPUIPlugin
2024-11-09 12:32:49,255 [INFO] PluginManager:220 - loadIPPluginJar : add gpio
2024-11-09 12:32:49,332 [INFO] IPUIPlugin:80 - create IPUIPlugin
2024-11-09 12:32:49,332 [INFO] PluginManager:220 - loadIPPluginJar : add gtzc
2024-11-09 12:32:49,358 [INFO] IPUIPlugin:80 - create IPUIPlugin
2024-11-09 12:32:49,358 [INFO] PluginManager:220 - loadIPPluginJar : add hash
2024-11-09 12:32:49,400 [INFO] IPUIPlugin:80 - create IPUIPlugin
2024-11-09 12:32:49,401 [INFO] PluginManager:220 - loadIPPluginJar : add i2c
2024-11-09 12:32:49,431 [INFO] IPUIPlugin:80 - create IPUIPlugin
2024-11-09 12:32:49,432 [INFO] PluginManager:220 - loadIPPluginJar : add i2s
2024-11-09 12:32:49,465 [INFO] IPUIPlugin:80 - create IPUIPlugin
2024-11-09 12:32:49,465 [INFO] PluginManager:220 - loadIPPluginJar : add i3c
2024-11-09 12:32:49,553 [INFO] IPUIPlugin:80 - create IPUIPlugin
2024-11-09 12:32:49,553 [INFO] PluginManager:220 - loadIPPluginJar : add ipddr
2024-11-09 12:32:49,628 [INFO] IPUIPlugin:80 - create IPUIPlugin
2024-11-09 12:32:49,628 [INFO] PluginManager:220 - loadIPPluginJar : add linkedlist
2024-11-09 12:32:49,655 [INFO] IPUIPlugin:80 - create IPUIPlugin
2024-11-09 12:32:49,655 [INFO] PluginManager:220 - loadIPPluginJar : add lorawan
2024-11-09 12:32:49,687 [INFO] IPUIPlugin:80 - create IPUIPlugin
2024-11-09 12:32:49,687 [INFO] PluginManager:220 - loadIPPluginJar : add ltdc
2024-11-09 12:32:49,699 [INFO] IPUIPlugin:80 - create IPUIPlugin
2024-11-09 12:32:49,699 [INFO] PluginManager:220 - loadIPPluginJar : add mdma
2024-11-09 12:32:49,710 [INFO] IPUIPlugin:80 - create IPUIPlugin
2024-11-09 12:32:49,710 [INFO] PluginManager:220 - loadIPPluginJar : add nvic
2024-11-09 12:32:49,740 [INFO] IPUIPlugin:80 - create IPUIPlugin
2024-11-09 12:32:49,741 [INFO] PluginManager:220 - loadIPPluginJar : add opamp
2024-11-09 12:32:49,788 [INFO] IPUIPlugin:80 - create IPUIPlugin
2024-11-09 12:32:49,788 [INFO] PluginManager:220 - loadIPPluginJar : add openamp
2024-11-09 12:32:49,822 [INFO] IPUIPlugin:80 - create IPUIPlugin
2024-11-09 12:32:49,822 [INFO] PluginManager:220 - loadIPPluginJar : add pdm2pcm
2024-11-09 12:32:49,836 [INFO] IPUIPlugin:80 - create IPUIPlugin
2024-11-09 12:32:49,837 [INFO] PluginManager:220 - loadIPPluginJar : add plateformsettings
2024-11-09 12:32:49,855 [INFO] IPUIPlugin:80 - create IPUIPlugin
2024-11-09 12:32:49,855 [INFO] PluginManager:220 - loadIPPluginJar : add quadspi
2024-11-09 12:32:49,875 [INFO] IPUIPlugin:80 - create IPUIPlugin
2024-11-09 12:32:49,875 [INFO] PluginManager:220 - loadIPPluginJar : add radio
2024-11-09 12:32:49,889 [INFO] IPUIPlugin:80 - create IPUIPlugin
2024-11-09 12:32:49,889 [INFO] PluginManager:220 - loadIPPluginJar : add resmgrutility
2024-11-09 12:32:49,928 [INFO] IPUIPlugin:80 - create IPUIPlugin
2024-11-09 12:32:49,928 [INFO] PluginManager:220 - loadIPPluginJar : add sai
2024-11-09 12:32:49,958 [INFO] IPUIPlugin:80 - create IPUIPlugin
2024-11-09 12:32:49,958 [INFO] PluginManager:220 - loadIPPluginJar : add spi
2024-11-09 12:32:50,018 [INFO] IPUIPlugin:80 - create IPUIPlugin
2024-11-09 12:32:50,018 [INFO] PluginManager:220 - loadIPPluginJar : add stm32_wpan
2024-11-09 12:32:50,038 [INFO] IPUIPlugin:80 - create IPUIPlugin
2024-11-09 12:32:50,038 [INFO] PluginManager:220 - loadIPPluginJar : add tim
2024-11-09 12:32:50,085 [INFO] IPUIPlugin:80 - create IPUIPlugin
2024-11-09 12:32:50,085 [INFO] PluginManager:220 - loadIPPluginJar : add touchsensing
2024-11-09 12:32:50,105 [INFO] IPUIPlugin:80 - create IPUIPlugin
2024-11-09 12:32:50,105 [INFO] PluginManager:220 - loadIPPluginJar : add tracer_emb
2024-11-09 12:32:50,124 [INFO] IPUIPlugin:80 - create IPUIPlugin
2024-11-09 12:32:50,124 [INFO] PluginManager:220 - loadIPPluginJar : add ts
2024-11-09 12:32:50,142 [INFO] IPUIPlugin:80 - create IPUIPlugin
2024-11-09 12:32:50,142 [INFO] PluginManager:220 - loadIPPluginJar : add tsc
2024-11-09 12:32:50,161 [INFO] IPUIPlugin:80 - create IPUIPlugin
2024-11-09 12:32:50,161 [INFO] PluginManager:220 - loadIPPluginJar : add ucpd
2024-11-09 12:32:50,196 [INFO] IPUIPlugin:80 - create IPUIPlugin
2024-11-09 12:32:50,197 [INFO] PluginManager:220 - loadIPPluginJar : add usart
2024-11-09 12:32:50,232 [INFO] IPUIPlugin:80 - create IPUIPlugin
2024-11-09 12:32:50,232 [INFO] PluginManager:220 - loadIPPluginJar : add usbx
2024-11-09 12:32:50,352 [INFO] CADModel:165 - CPN selected for project level
2024-11-09 12:32:50,352 [INFO] CADModel:114 - Register for checkConnection events
2024-11-09 12:32:50,352 [FATAL] Updater:334 - Updater called before beeing initialized
2024-11-09 12:32:50,352 [ERROR] CADModel:125 - Updater not yet initialized, retry later 
2024-11-09 12:32:50,469 [INFO] CADModel:165 - CPN selected for project level
2024-11-09 12:32:50,469 [INFO] CADModel:114 - Register for checkConnection events
2024-11-09 12:32:50,470 [FATAL] Updater:334 - Updater called before beeing initialized
2024-11-09 12:32:50,470 [ERROR] CADModel:125 - Updater not yet initialized, retry later 
2024-11-09 12:32:50,472 [FATAL] Updater:334 - Updater called before beeing initialized
2024-11-09 12:32:50,562 [FATAL] Updater:334 - Updater called before beeing initialized
2024-11-09 12:32:50,571 [INFO] DbMcusAds:53 - JSON generation date=Fri Sep 20 20:04:38 ICT 2024 (1726837478367)
2024-11-09 12:32:50,571 [FATAL] Updater:334 - Updater called before beeing initialized
2024-11-09 12:32:50,614 [WARN] DetailPanel:346 - Failed to get advertising image, set to default
2024-11-09 12:32:50,708 [FATAL] Updater:334 - Updater called before beeing initialized
2024-11-09 12:32:50,709 [FATAL] Updater:334 - Updater called before beeing initialized
2024-11-09 12:32:50,709 [FATAL] Updater:334 - Updater called before beeing initialized
2024-11-09 12:32:50,709 [WARN] DetailPanel:346 - Failed to get advertising image, set to default
2024-11-09 12:32:50,710 [FATAL] Updater:334 - Updater called before beeing initialized
2024-11-09 12:32:50,768 [ERROR] Updater:1164 - MainUpdater not yet initialized. External WinMGr cannot be set.
2024-11-09 12:32:50,780 [INFO] Updater:1100 - Updater Version found : 6.12.1
2024-11-09 12:32:50,798 [INFO] ApplicationProperties:184 - Using Application install path: C:\ST\STM32CubeIDE_1.16.1\STM32CubeIDE\plugins\com.st.stm32cube.common.mx_6.12.1.202409122256
2024-11-09 12:32:51,197 [INFO] ThirdPartyUpdaterWithRetryManager:70 - Updater plugin not ready yet. [2/15]
2024-11-09 12:32:52,391 [ERROR] LogOutputStream:75 - [STDERR_REDIRECT] Nov 09, 2024 12:32:52 PM java.util.prefs.WindowsPreferences <init>
2024-11-09 12:32:52,393 [ERROR] LogOutputStream:75 - [STDERR_REDIRECT] WARNING: Could not open/create prefs root node Software\JavaSoft\Prefs at root 0xffffffff80000002. Windows RegCreateKeyEx(...) returned error code 5.
2024-11-09 12:32:52,393 [ERROR] LogOutputStream:75 - [STDERR_REDIRECT] 
2024-11-09 12:32:52,732 [INFO] MainUpdater:2873 - connection check result : 10
2024-11-09 12:32:52,732 [INFO] MainUpdater:290 - Updater Check For Update Now.
2024-11-09 12:32:52,732 [INFO] MicroXplorer:498 - Change Database Version : DB.6.0.121
2024-11-09 12:32:52,752 [INFO] McuFinderGlobals:63 - Set McuFinder mode to 2 (CubeIDE integrated)
2024-11-09 12:32:52,758 [INFO] UserAuth:417 - Internet connection configuration mode: 1
2024-11-09 12:32:52,788 [INFO] JxBrowserEngine:152 - Initiate JxBrowser Engine with user profile folder
2024-11-09 12:32:52,975 [INFO] CheckServerUpdateThread:120 - End of CheckServer Thread
2024-11-09 12:32:54,383 [WARN] PackLoader:240 - Cannot read IP mode file for STMicroelectronics.FP-SNS-MOTENVWB1.1.4.0
2024-11-09 12:32:54,408 [WARN] PackLoader:240 - Cannot read IP mode file for STMicroelectronics.X-CUBE-SMBUS.2.1.0
2024-11-09 12:32:54,426 [WARN] PackLoader:240 - Cannot read IP mode file for STMicroelectronics.X-CUBE-WB05N.1.1.0
2024-11-09 12:32:54,487 [WARN] PackLoader:240 - Cannot read IP mode file for STMicroelectronics.X-CUBE-AZRTOS-F7.1.1.0
2024-11-09 12:32:54,567 [WARN] PackLoader:240 - Cannot read IP mode file for STMicroelectronics.X-CUBE-MEMS1.11.0.0
2024-11-09 12:32:54,699 [WARN] PackLoader:240 - Cannot read IP mode file for STMicroelectronics.FP-SNS-FLIGHT1.5.0.2
2024-11-09 12:32:54,714 [WARN] PackLoader:240 - Cannot read IP mode file for STMicroelectronics.X-CUBE-DISPLAY.3.0.0
2024-11-09 12:32:54,733 [WARN] PackLoader:240 - Cannot read IP mode file for STMicroelectronics.X-CUBE-BLE1.7.0.0
2024-11-09 12:32:54,752 [WARN] PackLoader:240 - Cannot read IP mode file for STMicroelectronics.X-CUBE-NFC10.1.0.0
2024-11-09 12:32:54,770 [WARN] PackLoader:240 - Cannot read IP mode file for emotas.I-CUBE-CANOPEN.1.3.0
2024-11-09 12:32:54,786 [WARN] PackLoader:240 - Cannot read IP mode file for STMicroelectronics.X-CUBE-BLEMGR.3.1.0
2024-11-09 12:32:54,800 [WARN] PackLoader:240 - Cannot read IP mode file for STMicroelectronics.FP-SNS-SMARTAG2.1.2.0
2024-11-09 12:32:54,821 [INFO] LogOutputStream:77 - [STDOUT_REDIRECT] 1 : Invalid condition id : UX_CORESTACK_Condition cause : null
2024-11-09 12:32:54,822 [INFO] LogOutputStream:77 - [STDOUT_REDIRECT] 1 : Invalid condition id : UX_CORESTACK_Condition cause : null
2024-11-09 12:32:54,823 [INFO] LogOutputStream:77 - [STDOUT_REDIRECT] 1 : Invalid condition id : UX_CORESTACK_Condition cause : null
2024-11-09 12:32:54,824 [INFO] LogOutputStream:77 - [STDOUT_REDIRECT] 1 : Invalid condition id : UX_CORESTACK_Condition cause : null
2024-11-09 12:32:54,824 [INFO] LogOutputStream:77 - [STDOUT_REDIRECT] 1 : Invalid condition id : UX_CORESTACK_Condition cause : null
2024-11-09 12:32:54,827 [WARN] PackLoader:240 - Cannot read IP mode file for STMicroelectronics.X-CUBE-AZRTOS-WL.2.0.0
2024-11-09 12:32:54,844 [WARN] PackLoader:240 - Cannot read IP mode file for STMicroelectronics.FP-SNS-MOTENV1.5.0.0
2024-11-09 12:32:54,857 [WARN] PackLoader:240 - Cannot read IP mode file for wolfSSL.I-CUBE-wolfMQTT.1.19.0
2024-11-09 12:32:54,871 [WARN] PackLoader:240 - Cannot read IP mode file for WES.I-CUBE-Cesium.1.3.0
2024-11-09 12:32:54,885 [WARN] PackLoader:240 - Cannot read IP mode file for STMicroelectronics.X-CUBE-BLE2.3.3.0
2024-11-09 12:32:54,900 [WARN] PackLoader:240 - Cannot read IP mode file for STMicroelectronics.X-CUBE-NFC9.1.0.0
2024-11-09 12:32:54,913 [WARN] PackLoader:240 - Cannot read IP mode file for STMicroelectronics.X-CUBE-TCPP.4.1.0
2024-11-09 12:32:54,946 [WARN] PackLoader:240 - Cannot read IP mode file for STMicroelectronics.X-CUBE-AZRTOS-G0.1.1.0
2024-11-09 12:32:54,965 [WARN] PackLoader:240 - Cannot read IP mode file for STMicroelectronics.X-CUBE-SAFEA1.1.2.2
2024-11-09 12:32:54,981 [WARN] PackLoader:240 - Cannot read IP mode file for STMicroelectronics.X-CUBE-NFC4.3.0.0
2024-11-09 12:32:54,998 [WARN] PackLoader:240 - Cannot read IP mode file for EmbeddedOffice.I-CUBE-FS-RTOS.1.0.1
2024-11-09 12:32:54,999 [ERROR] ConditionMgr:805 - Attr not supported : Dmpu
2024-11-09 12:32:54,999 [ERROR] ConditionMgr:805 - Attr not supported : Dmpu
2024-11-09 12:32:54,999 [ERROR] ConditionMgr:805 - Attr not supported : Dmpu
2024-11-09 12:32:54,999 [ERROR] ConditionMgr:805 - Attr not supported : Dmpu
2024-11-09 12:32:54,999 [ERROR] ConditionMgr:805 - Attr not supported : Dmpu
2024-11-09 12:32:54,999 [ERROR] ConditionMgr:805 - Attr not supported : Dmpu
2024-11-09 12:32:54,999 [ERROR] ConditionMgr:805 - Attr not supported : Dmpu
2024-11-09 12:32:54,999 [ERROR] ConditionMgr:805 - Attr not supported : Dmpu
2024-11-09 12:32:54,999 [ERROR] ConditionMgr:805 - Attr not supported : Dmpu
2024-11-09 12:32:54,999 [ERROR] ConditionMgr:805 - Attr not supported : Dmpu
2024-11-09 12:32:54,999 [ERROR] ConditionMgr:805 - Attr not supported : Dmpu
2024-11-09 12:32:54,999 [ERROR] ConditionMgr:805 - Attr not supported : Dmpu
2024-11-09 12:32:55,000 [ERROR] ConditionMgr:805 - Attr not supported : Dmpu
2024-11-09 12:32:55,000 [ERROR] ConditionMgr:805 - Attr not supported : Dmpu
2024-11-09 12:32:55,000 [ERROR] ConditionMgr:805 - Attr not supported : Dmpu
2024-11-09 12:32:55,000 [ERROR] ConditionMgr:805 - Attr not supported : Dmpu
2024-11-09 12:32:55,000 [ERROR] ConditionMgr:805 - Attr not supported : Dmpu
2024-11-09 12:32:55,000 [ERROR] ConditionMgr:805 - Attr not supported : Dmpu
2024-11-09 12:32:55,000 [ERROR] ConditionMgr:805 - Attr not supported : Dmpu
2024-11-09 12:32:55,000 [ERROR] ConditionMgr:805 - Attr not supported : Dmpu
2024-11-09 12:32:55,000 [ERROR] ConditionMgr:805 - Attr not supported : Dmpu
2024-11-09 12:32:55,000 [ERROR] ConditionMgr:805 - Attr not supported : Dmpu
2024-11-09 12:32:55,000 [ERROR] ConditionMgr:805 - Attr not supported : Dmpu
2024-11-09 12:32:55,000 [ERROR] ConditionMgr:805 - Attr not supported : Dmpu
2024-11-09 12:32:55,000 [ERROR] ConditionMgr:805 - Attr not supported : Dmpu
2024-11-09 12:32:55,000 [ERROR] ConditionMgr:805 - Attr not supported : Dmpu
2024-11-09 12:32:55,000 [ERROR] ConditionMgr:805 - Attr not supported : Dmpu
2024-11-09 12:32:55,000 [ERROR] ConditionMgr:805 - Attr not supported : Dmpu
2024-11-09 12:32:55,000 [ERROR] ConditionMgr:805 - Attr not supported : Dmpu
2024-11-09 12:32:55,000 [ERROR] ConditionMgr:805 - Attr not supported : Dmpu
2024-11-09 12:32:55,001 [ERROR] ConditionMgr:805 - Attr not supported : Dmpu
2024-11-09 12:32:55,001 [ERROR] ConditionMgr:805 - Attr not supported : Dmpu
2024-11-09 12:32:55,001 [ERROR] ConditionMgr:805 - Attr not supported : Dmpu
2024-11-09 12:32:55,001 [ERROR] ConditionMgr:805 - Attr not supported : Dmpu
2024-11-09 12:32:55,001 [ERROR] ConditionMgr:805 - Attr not supported : Dmpu
2024-11-09 12:32:55,001 [ERROR] ConditionMgr:805 - Attr not supported : Dmpu
2024-11-09 12:32:55,001 [ERROR] ConditionMgr:805 - Attr not supported : Dmpu
2024-11-09 12:32:55,001 [ERROR] ConditionMgr:805 - Attr not supported : Dmpu
2024-11-09 12:32:55,001 [ERROR] ConditionMgr:805 - Attr not supported : Dmpu
2024-11-09 12:32:55,001 [ERROR] ConditionMgr:805 - Attr not supported : Dmpu
2024-11-09 12:32:55,001 [ERROR] ConditionMgr:805 - Attr not supported : Dmpu
2024-11-09 12:32:55,001 [ERROR] ConditionMgr:805 - Attr not supported : Dmpu
2024-11-09 12:32:55,001 [ERROR] ConditionMgr:805 - Attr not supported : Dmpu
2024-11-09 12:32:55,001 [ERROR] ConditionMgr:805 - Attr not supported : Dmpu
2024-11-09 12:32:55,001 [ERROR] ConditionMgr:805 - Attr not supported : Dmpu
2024-11-09 12:32:55,002 [ERROR] ConditionMgr:805 - Attr not supported : Dmpu
2024-11-09 12:32:55,002 [ERROR] ConditionMgr:805 - Attr not supported : Dmpu
2024-11-09 12:32:55,002 [ERROR] ConditionMgr:805 - Attr not supported : Dmpu
2024-11-09 12:32:55,002 [ERROR] ConditionMgr:805 - Attr not supported : Dmpu
2024-11-09 12:32:55,002 [ERROR] ConditionMgr:805 - Attr not supported : Dmpu
2024-11-09 12:32:55,002 [ERROR] ConditionMgr:805 - Attr not supported : Dmpu
2024-11-09 12:32:55,002 [ERROR] ConditionMgr:805 - Attr not supported : Dmpu
2024-11-09 12:32:55,002 [ERROR] ConditionMgr:805 - Attr not supported : Dmpu
2024-11-09 12:32:55,002 [ERROR] ConditionMgr:805 - Attr not supported : Dmpu
2024-11-09 12:32:55,002 [ERROR] ConditionMgr:805 - Attr not supported : Dmpu
2024-11-09 12:32:55,002 [ERROR] ConditionMgr:805 - Attr not supported : Dmpu
2024-11-09 12:32:55,002 [ERROR] ConditionMgr:805 - Attr not supported : Dmpu
2024-11-09 12:32:55,002 [ERROR] ConditionMgr:805 - Attr not supported : Dmpu
2024-11-09 12:32:55,002 [ERROR] ConditionMgr:805 - Attr not supported : Dmpu
2024-11-09 12:32:55,002 [ERROR] ConditionMgr:805 - Attr not supported : Dmpu
2024-11-09 12:32:55,002 [ERROR] ConditionMgr:805 - Attr not supported : Dmpu
2024-11-09 12:32:55,003 [ERROR] ConditionMgr:805 - Attr not supported : Dmpu
2024-11-09 12:32:55,003 [ERROR] ConditionMgr:805 - Attr not supported : Dmpu
2024-11-09 12:32:55,003 [ERROR] ConditionMgr:805 - Attr not supported : Dmpu
2024-11-09 12:32:55,015 [WARN] PackLoader:240 - Cannot read IP mode file for RealThread.X-CUBE-RT-Thread_Nano.4.1.1
2024-11-09 12:32:55,027 [WARN] PackLoader:240 - Cannot read IP mode file for STMicroelectronics.FP-ATR-SIGFOX1.3.2.0
2024-11-09 12:32:55,038 [WARN] PackLoader:240 - Cannot read IP mode file for wolfSSL.I-CUBE-wolfSSL.5.7.2
2024-11-09 12:32:55,052 [WARN] PackLoader:240 - Cannot read IP mode file for STMicroelectronics.X-CUBE-EEPRMA1.5.1.0
2024-11-09 12:32:55,070 [WARN] PackLoader:240 - Cannot read IP mode file for ITTIA_DB.I-CUBE-ITTIADB.8.9.0
2024-11-09 12:32:55,107 [WARN] PackLoader:240 - Cannot read IP mode file for SEGGER.I-CUBE-embOS.1.3.1
2024-11-09 12:32:55,161 [WARN] PackLoader:240 - Cannot read IP mode file for STMicroelectronics.X-CUBE-ALGOBUILD.1.4.0
2024-11-09 12:32:55,178 [WARN] PackLoader:240 - Cannot read IP mode file for STMicroelectronics.X-CUBE-AI.9.1.0
2024-11-09 12:32:55,207 [WARN] PackLoader:240 - Cannot read IP mode file for STMicroelectronics.X-CUBE-AZRTOS-F4.1.1.0
2024-11-09 12:32:55,224 [WARN] PackLoader:240 - Cannot read IP mode file for STMicroelectronics.X-CUBE-ISPU.2.1.0
2024-11-09 12:32:55,236 [WARN] PackLoader:240 - Cannot read IP mode file for STMicroelectronics.X-CUBE-FREERTOS.1.2.0
2024-11-09 12:32:55,264 [WARN] PackLoader:240 - Cannot read IP mode file for STMicroelectronics.X-CUBE-AZRTOS-L5.2.0.0
2024-11-09 12:32:55,283 [WARN] PackLoader:240 - Cannot read IP mode file for STMicroelectronics.X-CUBE-NFC6.3.1.0
2024-11-09 12:32:55,299 [WARN] PackLoader:240 - Cannot read IP mode file for STMicroelectronics.X-CUBE-DPower.1.2.0
2024-11-09 12:32:55,319 [WARN] PackLoader:240 - Cannot read IP mode file for STMicroelectronics.X-CUBE-NFC7.1.0.1
2024-11-09 12:32:55,353 [WARN] ConditionMgr:438 - getConditionDescription Invalid condition id : LAN8742 Phy interface Condition cause : null
2024-11-09 12:32:55,354 [WARN] PackLoader:240 - Cannot read IP mode file for STMicroelectronics.X-CUBE-AZRTOS-L4.2.0.0
2024-11-09 12:32:55,355 [WARN] ConditionMgr:1039 - genDependencies : Invalid condition id : LAN8742 Phy interface Condition cause : null
2024-11-09 12:32:55,355 [WARN] ConditionMgr:1039 - genDependencies : Invalid condition id : LAN8742 Phy interface Condition cause : null
2024-11-09 12:32:55,355 [WARN] ConditionMgr:1039 - genDependencies : Invalid condition id : LAN8742 Phy interface Condition cause : null
2024-11-09 12:32:55,376 [WARN] PackLoader:240 - Cannot read IP mode file for STMicroelectronics.X-CUBE-SFXS2LP1.4.0.0
2024-11-09 12:32:55,413 [WARN] PackLoader:240 - Cannot read IP mode file for STMicroelectronics.X-CUBE-AZRTOS-H7.3.3.0
2024-11-09 12:32:55,442 [WARN] PackLoader:240 - Cannot read IP mode file for STMicroelectronics.X-CUBE-IPS.3.0.0
2024-11-09 12:32:55,468 [WARN] ConditionMgr:438 - getConditionDescription Invalid condition id : UX DEVICE CLASS RTOS Condition cause : null
2024-11-09 12:32:55,468 [WARN] ConditionMgr:438 - getConditionDescription Invalid condition id : UX DEVICE CLASS RTOS Condition cause : null
2024-11-09 12:32:55,470 [WARN] PackLoader:240 - Cannot read IP mode file for STMicroelectronics.X-CUBE-AZRTOS-WB.2.0.0
2024-11-09 12:32:55,470 [WARN] ConditionMgr:1039 - genDependencies : Invalid condition id : UX DEVICE CLASS RTOS Condition cause : null
2024-11-09 12:32:55,470 [WARN] ConditionMgr:1039 - genDependencies : Invalid condition id : UX DEVICE CLASS RTOS Condition cause : null
2024-11-09 12:32:55,471 [WARN] ConditionMgr:1039 - genDependencies : Invalid condition id : UX DEVICE CLASS RTOS Condition cause : null
2024-11-09 12:32:55,471 [WARN] ConditionMgr:1039 - genDependencies : Invalid condition id : UX DEVICE CLASS RTOS Condition cause : null
2024-11-09 12:32:55,471 [WARN] ConditionMgr:1039 - genDependencies : Invalid condition id : UX DEVICE CLASS RTOS Condition cause : null
2024-11-09 12:32:55,487 [WARN] PackLoader:240 - Cannot read IP mode file for STMicroelectronics.X-CUBE-GNSS1.7.0.0
2024-11-09 12:32:55,501 [WARN] PackLoader:240 - Cannot read IP mode file for STMicroelectronics.FP-SNS-STBOX1.2.0.0
2024-11-09 12:32:55,521 [WARN] PackLoader:240 - Cannot read IP mode file for STMicroelectronics.X-CUBE-SUBG2.5.0.0
2024-11-09 12:32:55,549 [WARN] PackLoader:240 - Cannot read IP mode file for STMicroelectronics.X-CUBE-AZRTOS-G4.2.0.0
2024-11-09 12:32:55,562 [WARN] PackLoader:240 - Cannot read IP mode file for STMicroelectronics.X-CUBE-ALS.1.0.2
2024-11-09 12:32:55,574 [WARN] PackLoader:240 - Cannot read IP mode file for STMicroelectronics.X-CUBE-TOUCHGFX.4.24.1
2024-11-09 12:32:55,585 [WARN] PackLoader:240 - Cannot read IP mode file for wolfSSL.I-CUBE-wolfTPM.3.4.0
2024-11-09 12:32:55,599 [WARN] PackLoader:240 - Cannot read IP mode file for portGmbH.I-Cube-SoM-uGOAL.1.1.0
2024-11-09 12:32:55,629 [WARN] PackLoader:240 - Cannot read IP mode file for STMicroelectronics.X-CUBE-AZRTOS-H7RS.1.0.0
2024-11-09 12:32:55,644 [WARN] PackLoader:240 - Cannot read IP mode file for STMicroelectronics.FP-ATR-ASTRA1.2.0.0
2024-11-09 12:32:55,661 [WARN] PackLoader:240 - Cannot read IP mode file for STMicroelectronics.X-CUBE-TOF1.3.4.2
2024-11-09 12:32:55,677 [WARN] PackLoader:240 - Cannot read IP mode file for wolfSSL.I-CUBE-wolfSSH.1.4.17
2024-11-09 12:32:55,677 [INFO] ThirdParty:978 - Integrity check success = true
2024-11-09 12:32:55,678 [INFO] IntegrityCheckThread:100 - exiting critical section [integrity check]
2024-11-09 12:32:55,678 [INFO] IntegrityCheckThread:103 - End integrity checks thread
2024-11-09 12:32:59,450 [INFO] WebApp:167 - Instantiating new browser for Auth
2024-11-09 12:33:00,268 [INFO] WebApp:448 - Apply proxy settings
2024-11-09 12:33:00,269 [INFO] WebApp:533 - Chromium requires no authentication
2024-11-09 12:33:00,281 [INFO] WebApp:476 - Direct internet connection detected
2024-11-09 12:33:00,320 [INFO] WebApp:869 - Register for checkConnection events
2024-11-09 12:33:00,321 [INFO] WebApp:448 - Apply proxy settings
2024-11-09 12:33:00,321 [INFO] WebApp:533 - Chromium requires no authentication
2024-11-09 12:33:00,322 [INFO] WebApp:476 - Direct internet connection detected
2024-11-09 12:33:00,497 [INFO] WebApp:186 - Connection restablished
2024-11-09 12:33:00,550 [INFO] WebApp:220 - Starting web application
2024-11-09 12:33:00,550 [INFO] WebApp:578 - Web application path used C:\ST\STM32CubeIDE_1.16.1\STM32CubeIDE\plugins\com.st.stm32cube.common.mx_6.12.1.202409122256\db\plugins\mcufinder\reactClient1\index.html
2024-11-09 12:33:00,740 [INFO] UserAuth:417 - Internet connection configuration mode: 1
2024-11-09 12:35:23,508 [ERROR] LogOutputStream:75 - [STDERR_REDIRECT] 
2024-11-09 12:35:23,509 [ERROR] LogOutputStream:75 - [STDERR_REDIRECT] 
